// Jest Snapshot v1, https://goo.gl/fbAQLP

exports[`<Footer /> renders the <Footer /> with populated data 1`] = `
<div
  class="footer__Container-g58ovq-0 klkbbB"
>
  <p
    class="footer__Title-g58ovq-4 jSelFn"
  >
    Questions? Contact Us
  </p>
  <p
    class="footer__Break-g58ovq-6 kUUymw"
  />
  <div
    class="footer__Row-g58ovq-2 jDYKYr"
  >
    <div
      class="footer__Column-g58ovq-1 gVTjki"
    >
      <a
        class="footer__Link-g58ovq-3 ebwawj"
        href="#"
      >
        FAQ
      </a>
      <a
        class="footer__Link-g58ovq-3 ebwawj"
        href="#"
      >
        Investor Relations
      </a>
      <a
        class="footer__Link-g58ovq-3 ebwawj"
        href="#"
      >
        Ways to Watch
      </a>
      <a
        class="footer__Link-g58ovq-3 ebwawj"
        href="#"
      >
        Corporate Information
      </a>
      <a
        class="footer__Link-g58ovq-3 ebwawj"
        href="#"
      >
        Netflix Originals
      </a>
    </div>
    <div
      class="footer__Column-g58ovq-1 gVTjki"
    >
      <a
        class="footer__Link-g58ovq-3 ebwawj"
        href="#"
      >
        Help Centre
      </a>
      <a
        class="footer__Link-g58ovq-3 ebwawj"
        href="#"
      >
        Jobs
      </a>
      <a
        class="footer__Link-g58ovq-3 ebwawj"
        href="#"
      >
        Terms of Use
      </a>
      <a
        class="footer__Link-g58ovq-3 ebwawj"
        href="#"
      >
        Contact Us
      </a>
    </div>
    <div
      class="footer__Column-g58ovq-1 gVTjki"
    >
      <a
        class="footer__Link-g58ovq-3 ebwawj"
        href="#"
      >
        Account
      </a>
      <a
        class="footer__Link-g58ovq-3 ebwawj"
        href="#"
      >
        Redeem Gift Cards
      </a>
      <a
        class="footer__Link-g58ovq-3 ebwawj"
        href="#"
      >
        Privacy
      </a>
      <a
        class="footer__Link-g58ovq-3 ebwawj"
        href="#"
      >
        Speed Test
      </a>
    </div>
    <div
      class="footer__Column-g58ovq-1 gVTjki"
    >
      <a
        class="footer__Link-g58ovq-3 ebwawj"
        href="#"
      >
        Media Centre
      </a>
      <a
        class="footer__Link-g58ovq-3 ebwawj"
        href="#"
      >
        Buy Gift Cards
      </a>
      <a
        class="footer__Link-g58ovq-3 ebwawj"
        href="#"
      >
        Cookie Prefences
      </a>
      <a
        class="footer__Link-g58ovq-3 ebwawj"
        href="#"
      >
        Legal Notices
      </a>
    </div>
  </div>
  <p
    class="footer__Break-g58ovq-6 kUUymw"
  />
  <p
    class="footer__Text-g58ovq-5 bkBLgO"
  >
    Netflix United Kingdom
  </p>
</div>
`;
